{ title: 'node',
  version: 'v0.12.2',
  moduleLoadList: 
   [ 'Binding contextify',
     'Binding natives',
     'NativeModule events',
     'NativeModule util',
     'NativeModule buffer',
     'Binding buffer',
     'Binding smalloc',
     'NativeModule path',
     'NativeModule module',
     'NativeModule vm',
     'NativeModule assert',
     'NativeModule fs',
     'Binding fs',
     'Binding constants',
     'NativeModule stream',
     'NativeModule _stream_readable',
     'NativeModule _stream_writable',
     'NativeModule _stream_duplex',
     'NativeModule _stream_transform',
     'NativeModule _stream_passthrough',
     'NativeModule smalloc',
     'NativeModule cluster',
     'NativeModule dgram',
     'NativeModule constants',
     'Binding udp_wrap',
     'NativeModule child_process',
     'NativeModule string_decoder',
     'NativeModule net',
     'NativeModule timers',
     'Binding timer_wrap',
     'NativeModule _linklist',
     'Binding cares_wrap',
     'Binding uv',
     'Binding pipe_wrap',
     'Binding tcp_wrap',
     'Binding stream_wrap',
     'Binding process_wrap',
     'NativeModule http',
     'NativeModule _http_incoming',
     'NativeModule _http_common',
     'NativeModule freelist',
     'Binding http_parser',
     'NativeModule _http_outgoing',
     'NativeModule _http_server',
     'NativeModule _http_agent',
     'NativeModule _http_client',
     'NativeModule url',
     'NativeModule punycode',
     'NativeModule querystring',
     'NativeModule os',
     'Binding os',
     'NativeModule console',
     'Binding tty_wrap',
     'NativeModule tty' ],
  versions: 
   { http_parser: '2.3',
     node: '0.12.2',
     v8: '3.28.73',
     uv: '1.4.2-node1',
     zlib: '1.2.8',
     modules: '14',
     openssl: '1.0.1m' },
  arch: 'x64',
  platform: 'darwin',
  argv: [ 'node', '/Applications/MAMP/htdocs/testjs/index.js' ],
  execArgv: [],
  env: 
   { TMPDIR: '/var/folders/mx/qw4p12x123q_wfbk969nyjrm0000gn/T/',
     TERM_PROGRAM_VERSION: '343.7',
     Apple_PubSub_Socket_Render: '/private/tmp/com.apple.launchd.RZIwHuH53e/Render',
     LANG: 'en_US.UTF-8',
     TERM_PROGRAM: 'Apple_Terminal',
     XPC_SERVICE_NAME: '0',
     XPC_FLAGS: '0x0',
     TERM_SESSION_ID: 'AA1E0F07-2578-48CA-9DDE-44A955668ED5',
     SSH_AUTH_SOCK: '/private/tmp/com.apple.launchd.3PA9l0EvF6/Listeners',
     TERM: 'xterm-256color',
     __CF_USER_TEXT_ENCODING: '0x1F5:0x0:0x0',
     SHELL: '/bin/zsh',
     HOME: '/Users/oBlank',
     LOGNAME: 'oBlank',
     USER: 'oBlank',
     PATH: '/Users/oBlank/.gvm/bin:/usr/local/bin:/usr/bin:/bin:/usr/sbin:/sbin:/Users/oBlank/Dropbox/golang/bin:/Applications/MongoDB/bin:/Applications/MAMP/Library/bin/:/usr/local/aria2/bin:/usr/local/go/bin:/usr/bin:/bin:/usr/sbin:/sbin:/usr/local/bin:/Volumes/MAC/Users/oBlank/BaiDuYunPan/Files/GoCodes/bin',
     SHLVL: '1',
     PWD: '/Applications/MAMP/htdocs/testjs',
     OLDPWD: '/Applications/MAMP/htdocs/new-api',
     PAGER: 'less',
     LESS: '-R',
     LC_CTYPE: 'en_US.UTF-8',
     LSCOLORS: 'Gxfxcxdxbxegedabagacad',
     GVM_ROOT: '/Users/oBlank/.gvm',
     GVM_VERSION: '1.0.22',
     GVM_PATH_BACKUP: '/Users/oBlank/.gvm/bin:/usr/local/bin:/usr/bin:/bin:/usr/sbin:/sbin:/Users/oBlank/Dropbox/golang/bin:/Applications/MongoDB/bin:/Applications/MAMP/Library/bin/:/usr/local/aria2/bin:/usr/local/go/bin:/usr/bin:/bin:/usr/sbin:/sbin:/usr/local/bin:/Volumes/MAC/Users/oBlank/BaiDuYunPan/Files/GoCodes/bin',
     _: '/usr/local/bin/node' },
  pid: 61908,
  features: 
   { debug: false,
     uv: true,
     ipv6: true,
     tls_npn: true,
     tls_sni: true,
     tls_ocsp: true,
     tls: true },
  _needImmediateCallback: false,
  execPath: '/usr/local/bin/node',
  debugPort: 5858,
  _startProfilerIdleNotifier: [Function: _startProfilerIdleNotifier],
  _stopProfilerIdleNotifier: [Function: _stopProfilerIdleNotifier],
  _getActiveRequests: [Function: _getActiveRequests],
  _getActiveHandles: [Function: _getActiveHandles],
  reallyExit: [Function: reallyExit],
  abort: [Function: abort],
  chdir: [Function: chdir],
  cwd: [Function: cwd],
  umask: [Function: umask],
  getuid: [Function: getuid],
  setuid: [Function: setuid],
  setgid: [Function: setgid],
  getgid: [Function: getgid],
  getgroups: [Function: getgroups],
  setgroups: [Function: setgroups],
  initgroups: [Function: initgroups],
  _kill: [Function: _kill],
  _debugProcess: [Function: _debugProcess],
  _debugPause: [Function: _debugPause],
  _debugEnd: [Function: _debugEnd],
  hrtime: [Function: hrtime],
  dlopen: [Function: dlopen],
  uptime: [Function: uptime],
  memoryUsage: [Function: memoryUsage],
  binding: [Function: binding],
  _linkedBinding: [Function: _linkedBinding],
  _setupDomainUse: [Function: _setupDomainUse],
  _events: {},
  _rawDebug: [Function],
  domain: null,
  _maxListeners: undefined,
  EventEmitter: 
   { [Function: EventEmitter]
     EventEmitter: [Circular],
     usingDomains: false,
     defaultMaxListeners: 10,
     init: [Function],
     listenerCount: [Function] },
  _fatalException: [Function],
  _exiting: false,
  assert: [Function],
  config: 
   { target_defaults: 
      { cflags: [],
        default_configuration: 'Release',
        defines: [],
        include_dirs: [],
        libraries: [] },
     variables: 
      { clang: 1,
        host_arch: 'x64',
        icu_data_file: 'icudt54l.dat',
        icu_data_in: '../../deps/icu/source/data/in/icudt54l.dat',
        icu_endianness: 'l',
        icu_gyp_path: 'tools/icu/icu-generic.gyp',
        icu_locales: 'en,root',
        icu_path: './deps/icu',
        icu_small: true,
        icu_ver_major: '54',
        node_install_npm: true,
        node_prefix: '',
        node_shared_cares: false,
        node_shared_http_parser: false,
        node_shared_libuv: false,
        node_shared_openssl: false,
        node_shared_v8: false,
        node_shared_zlib: false,
        node_tag: '',
        node_use_dtrace: true,
        node_use_etw: false,
        node_use_mdb: false,
        node_use_openssl: true,
        node_use_perfctr: false,
        openssl_no_asm: 0,
        python: '/usr/bin/python',
        target_arch: 'x64',
        uv_library: 'static_library',
        uv_parent_path: '/deps/uv/',
        uv_use_dtrace: true,
        v8_enable_gdbjit: 0,
        v8_enable_i18n_support: 1,
        v8_no_strict_aliasing: 1,
        v8_optimized_debug: 0,
        v8_random_seed: 0,
        v8_use_snapshot: false,
        want_separate_host_toolset: 0 } },
  nextTick: [Function: nextTick],
  _tickCallback: [Function: _tickCallback],
  _tickDomainCallback: [Function: _tickDomainCallback],
  stdout: [Getter],
  stderr: [Getter],
  stdin: [Getter],
  openStdin: [Function],
  exit: [Function],
  kill: [Function],
  addListener: [Function],
  on: [Function],
  removeListener: [Function],
  mainModule: 
   { id: '.',
     exports: {},
     parent: null,
     filename: '/Applications/MAMP/htdocs/testjs/index.js',
     loaded: false,
     children: [],
     paths: 
      [ '/Applications/MAMP/htdocs/testjs/node_modules',
        '/Applications/MAMP/htdocs/node_modules',
        '/Applications/MAMP/node_modules',
        '/Applications/node_modules',
        '/node_modules' ] } }
master pid:61908
master pid:61908
master pid:61908
master pid:61908
{ title: '/usr/local/bin/node',
  version: 'v0.12.2',
  moduleLoadList: 
   [ 'Binding contextify',
     'Binding natives',
     'NativeModule events',
     'NativeModule util',
     'NativeModule buffer',
     'Binding buffer',
     'Binding smalloc',
     'NativeModule child_process',
     'NativeModule string_decoder',
     'NativeModule net',
     'NativeModule stream',
     'NativeModule _stream_readable',
     'NativeModule _stream_writable',
     'NativeModule _stream_duplex',
     'NativeModule _stream_transform',
     'NativeModule _stream_passthrough',
     'NativeModule timers',
     'Binding timer_wrap',
     'NativeModule _linklist',
     'NativeModule assert',
     'Binding cares_wrap',
     'Binding uv',
     'Binding pipe_wrap',
     'Binding tcp_wrap',
     'Binding stream_wrap',
     'NativeModule dgram',
     'NativeModule constants',
     'Binding constants',
     'Binding udp_wrap',
     'Binding process_wrap',
     'NativeModule path',
     'NativeModule cluster',
     'NativeModule module',
     'NativeModule vm',
     'NativeModule fs',
     'Binding fs',
     'NativeModule smalloc',
     'NativeModule http',
     'NativeModule _http_incoming',
     'NativeModule _http_common',
     'NativeModule freelist',
     'Binding http_parser',
     'NativeModule _http_outgoing',
     'NativeModule _http_server',
     'NativeModule _http_agent',
     'NativeModule _http_client',
     'NativeModule url',
     'NativeModule punycode',
     'NativeModule querystring',
     'NativeModule os',
     'Binding os',
     'NativeModule console',
     'Binding tty_wrap',
     'NativeModule tty' ],
  versions: 
   { http_parser: '2.3',
     node: '0.12.2',
     v8: '3.28.73',
     uv: '1.4.2-node1',
     zlib: '1.2.8',
     modules: '14',
     openssl: '1.0.1m' },
  arch: 'x64',
  platform: 'darwin',
  argv: 
   [ '/usr/local/bin/node',
     '/Applications/MAMP/htdocs/testjs/index.js' ],
  execArgv: [ '--debug-port=5859' ],
  env: 
   { _: '/usr/local/bin/node',
     GVM_PATH_BACKUP: '/Users/oBlank/.gvm/bin:/usr/local/bin:/usr/bin:/bin:/usr/sbin:/sbin:/Users/oBlank/Dropbox/golang/bin:/Applications/MongoDB/bin:/Applications/MAMP/Library/bin/:/usr/local/aria2/bin:/usr/local/go/bin:/usr/bin:/bin:/usr/sbin:/sbin:/usr/local/bin:/Volumes/MAC/Users/oBlank/BaiDuYunPan/Files/GoCodes/bin',
     GVM_VERSION: '1.0.22',
     GVM_ROOT: '/Users/oBlank/.gvm',
     LSCOLORS: 'Gxfxcxdxbxegedabagacad',
     LC_CTYPE: 'en_US.UTF-8',
     LESS: '-R',
     PAGER: 'less',
     OLDPWD: '/Applications/MAMP/htdocs/new-api',
     PWD: '/Applications/MAMP/htdocs/testjs',
     SHLVL: '1',
     PATH: '/Users/oBlank/.gvm/bin:/usr/local/bin:/usr/bin:/bin:/usr/sbin:/sbin:/Users/oBlank/Dropbox/golang/bin:/Applications/MongoDB/bin:/Applications/MAMP/Library/bin/:/usr/local/aria2/bin:/usr/local/go/bin:/usr/bin:/bin:/usr/sbin:/sbin:/usr/local/bin:/Volumes/MAC/Users/oBlank/BaiDuYunPan/Files/GoCodes/bin',
     USER: 'oBlank',
     LOGNAME: 'oBlank',
     HOME: '/Users/oBlank',
     SHELL: '/bin/zsh',
     __CF_USER_TEXT_ENCODING: '0x1F5:0x0:0x0',
     TERM: 'xterm-256color',
     SSH_AUTH_SOCK: '/private/tmp/com.apple.launchd.3PA9l0EvF6/Listeners',
     TERM_SESSION_ID: 'AA1E0F07-2578-48CA-9DDE-44A955668ED5',
     XPC_FLAGS: '0x0',
     XPC_SERVICE_NAME: '0',
     TERM_PROGRAM: 'Apple_Terminal',
     LANG: 'en_US.UTF-8',
     Apple_PubSub_Socket_Render: '/private/tmp/com.apple.launchd.RZIwHuH53e/Render',
     TERM_PROGRAM_VERSION: '343.7',
     TMPDIR: '/var/folders/mx/qw4p12x123q_wfbk969nyjrm0000gn/T/' },
  pid: 61909,
  features: 
   { debug: false,
     uv: true,
     ipv6: true,
     tls_npn: true,
     tls_sni: true,
     tls_ocsp: true,
     tls: true },
  _needImmediateCallback: false,
  execPath: '/usr/local/bin/node',
  debugPort: 5859,
  _startProfilerIdleNotifier: [Function: _startProfilerIdleNotifier],
  _stopProfilerIdleNotifier: [Function: _stopProfilerIdleNotifier],
  _getActiveRequests: [Function: _getActiveRequests],
  _getActiveHandles: [Function: _getActiveHandles],
  reallyExit: [Function: reallyExit],
  abort: [Function: abort],
  chdir: [Function: chdir],
  cwd: [Function: cwd],
  umask: [Function: umask],
  getuid: [Function: getuid],
  setuid: [Function: setuid],
  setgid: [Function: setgid],
  getgid: [Function: getgid],
  getgroups: [Function: getgroups],
  setgroups: [Function: setgroups],
  initgroups: [Function: initgroups],
  _kill: [Function: _kill],
  _debugProcess: [Function: _debugProcess],
  _debugPause: [Function: _debugPause],
  _debugEnd: [Function: _debugEnd],
  hrtime: [Function: hrtime],
  dlopen: [Function: dlopen],
  uptime: [Function: uptime],
  memoryUsage: [Function: memoryUsage],
  binding: [Function: binding],
  _linkedBinding: [Function: _linkedBinding],
  _setupDomainUse: [Function: _setupDomainUse],
  _events: 
   { internalMessage: [ [Function], [Function] ],
     newListener: [Function],
     removeListener: [Function],
     error: [Function],
     message: [Function],
     disconnect: { [Function: g] listener: [Function] } },
  _rawDebug: [Function],
  domain: null,
  _maxListeners: undefined,
  EventEmitter: 
   { [Function: EventEmitter]
     EventEmitter: [Circular],
     usingDomains: false,
     defaultMaxListeners: 10,
     init: [Function],
     listenerCount: [Function] },
  _fatalException: [Function],
  _exiting: false,
  assert: [Function],
  config: 
   { target_defaults: 
      { cflags: [],
        default_configuration: 'Release',
        defines: [],
        include_dirs: [],
        libraries: [] },
     variables: 
      { clang: 1,
        host_arch: 'x64',
        icu_data_file: 'icudt54l.dat',
        icu_data_in: '../../deps/icu/source/data/in/icudt54l.dat',
        icu_endianness: 'l',
        icu_gyp_path: 'tools/icu/icu-generic.gyp',
        icu_locales: 'en,root',
        icu_path: './deps/icu',
        icu_small: true,
        icu_ver_major: '54',
        node_install_npm: true,
        node_prefix: '',
        node_shared_cares: false,
        node_shared_http_parser: false,
        node_shared_libuv: false,
        node_shared_openssl: false,
        node_shared_v8: false,
        node_shared_zlib: false,
        node_tag: '',
        node_use_dtrace: true,
        node_use_etw: false,
        node_use_mdb: false,
        node_use_openssl: true,
        node_use_perfctr: false,
        openssl_no_asm: 0,
        python: '/usr/bin/python',
        target_arch: 'x64',
        uv_library: 'static_library',
        uv_parent_path: '/deps/uv/',
        uv_use_dtrace: true,
        v8_enable_gdbjit: 0,
        v8_enable_i18n_support: 1,
        v8_no_strict_aliasing: 1,
        v8_optimized_debug: 0,
        v8_random_seed: 0,
        v8_use_snapshot: false,
        want_separate_host_toolset: 0 } },
  nextTick: [Function: nextTick],
  _tickCallback: [Function: _tickCallback],
  _tickDomainCallback: [Function: _tickDomainCallback],
  stdout: [Getter],
  stderr: [Getter],
  stdin: [Getter],
  openStdin: [Function],
  exit: [Function],
  kill: [Function],
  addListener: [Function],
  on: [Function],
  removeListener: [Function],
  _channel: 
   { fd: 3,
     writeQueueSize: 0,
     buffering: false,
     onread: [Function],
     sockets: { got: {}, send: {} } },
  _handleQueue: null,
  send: [Function],
  _send: [Function],
  connected: true,
  disconnect: [Function],
  _disconnect: [Function],
  mainModule: 
   { id: '.',
     exports: {},
     parent: null,
     filename: '/Applications/MAMP/htdocs/testjs/index.js',
     loaded: false,
     children: [],
     paths: 
      [ '/Applications/MAMP/htdocs/testjs/node_modules',
        '/Applications/MAMP/htdocs/node_modules',
        '/Applications/MAMP/node_modules',
        '/Applications/node_modules',
        '/node_modules' ] } }
{ title: '/usr/local/bin/node',
  version: 'v0.12.2',
  moduleLoadList: 
   [ 'Binding contextify',
     'Binding natives',
     'NativeModule events',
     'NativeModule util',
     'NativeModule buffer',
     'Binding buffer',
     'Binding smalloc',
     'NativeModule child_process',
     'NativeModule string_decoder',
     'NativeModule net',
     'NativeModule stream',
     'NativeModule _stream_readable',
     'NativeModule _stream_writable',
     'NativeModule _stream_duplex',
     'NativeModule _stream_transform',
     'NativeModule _stream_passthrough',
     'NativeModule timers',
     'Binding timer_wrap',
     'NativeModule _linklist',
     'NativeModule assert',
     'Binding cares_wrap',
     'Binding uv',
     'Binding pipe_wrap',
     'Binding tcp_wrap',
     'Binding stream_wrap',
     'NativeModule dgram',
     'NativeModule constants',
     'Binding constants',
     'Binding udp_wrap',
     'Binding process_wrap',
     'NativeModule path',
     'NativeModule cluster',
     'NativeModule module',
     'NativeModule vm',
     'NativeModule fs',
     'Binding fs',
     'NativeModule smalloc',
     'NativeModule http',
     'NativeModule _http_incoming',
     'NativeModule _http_common',
     'NativeModule freelist',
     'Binding http_parser',
     'NativeModule _http_outgoing',
     'NativeModule _http_server',
     'NativeModule _http_agent',
     'NativeModule _http_client',
     'NativeModule url',
     'NativeModule punycode',
     'NativeModule querystring',
     'NativeModule os',
     'Binding os',
     'NativeModule console',
     'Binding tty_wrap',
     'NativeModule tty' ],
  versions: 
   { http_parser: '2.3',
     node: '0.12.2',
     v8: '3.28.73',
     uv: '1.4.2-node1',
     zlib: '1.2.8',
     modules: '14',
     openssl: '1.0.1m' },
  arch: 'x64',
  platform: 'darwin',
  argv: 
   [ '/usr/local/bin/node',
     '/Applications/MAMP/htdocs/testjs/index.js' ],
  execArgv: [ '--debug-port=5860' ],
  env: 
   { _: '/usr/local/bin/node',
     GVM_PATH_BACKUP: '/Users/oBlank/.gvm/bin:/usr/local/bin:/usr/bin:/bin:/usr/sbin:/sbin:/Users/oBlank/Dropbox/golang/bin:/Applications/MongoDB/bin:/Applications/MAMP/Library/bin/:/usr/local/aria2/bin:/usr/local/go/bin:/usr/bin:/bin:/usr/sbin:/sbin:/usr/local/bin:/Volumes/MAC/Users/oBlank/BaiDuYunPan/Files/GoCodes/bin',
     GVM_VERSION: '1.0.22',
     GVM_ROOT: '/Users/oBlank/.gvm',
     LSCOLORS: 'Gxfxcxdxbxegedabagacad',
     LC_CTYPE: 'en_US.UTF-8',
     LESS: '-R',
     PAGER: 'less',
     OLDPWD: '/Applications/MAMP/htdocs/new-api',
     PWD: '/Applications/MAMP/htdocs/testjs',
     SHLVL: '1',
     PATH: '/Users/oBlank/.gvm/bin:/usr/local/bin:/usr/bin:/bin:/usr/sbin:/sbin:/Users/oBlank/Dropbox/golang/bin:/Applications/MongoDB/bin:/Applications/MAMP/Library/bin/:/usr/local/aria2/bin:/usr/local/go/bin:/usr/bin:/bin:/usr/sbin:/sbin:/usr/local/bin:/Volumes/MAC/Users/oBlank/BaiDuYunPan/Files/GoCodes/bin',
     USER: 'oBlank',
     LOGNAME: 'oBlank',
     HOME: '/Users/oBlank',
     SHELL: '/bin/zsh',
     __CF_USER_TEXT_ENCODING: '0x1F5:0x0:0x0',
     TERM: 'xterm-256color',
     SSH_AUTH_SOCK: '/private/tmp/com.apple.launchd.3PA9l0EvF6/Listeners',
     TERM_SESSION_ID: 'AA1E0F07-2578-48CA-9DDE-44A955668ED5',
     XPC_FLAGS: '0x0',
     XPC_SERVICE_NAME: '0',
     TERM_PROGRAM: 'Apple_Terminal',
     LANG: 'en_US.UTF-8',
     Apple_PubSub_Socket_Render: '/private/tmp/com.apple.launchd.RZIwHuH53e/Render',
     TERM_PROGRAM_VERSION: '343.7',
     TMPDIR: '/var/folders/mx/qw4p12x123q_wfbk969nyjrm0000gn/T/' },
  pid: 61910,
  features: 
   { debug: false,
     uv: true,
     ipv6: true,
     tls_npn: true,
     tls_sni: true,
     tls_ocsp: true,
     tls: true },
  _needImmediateCallback: false,
  execPath: '/usr/local/bin/node',
  debugPort: 5860,
  _startProfilerIdleNotifier: [Function: _startProfilerIdleNotifier],
  _stopProfilerIdleNotifier: [Function: _stopProfilerIdleNotifier],
  _getActiveRequests: [Function: _getActiveRequests],
  _getActiveHandles: [Function: _getActiveHandles],
  reallyExit: [Function: reallyExit],
  abort: [Function: abort],
  chdir: [Function: chdir],
  cwd: [Function: cwd],
  umask: [Function: umask],
  getuid: [Function: getuid],
  setuid: [Function: setuid],
  setgid: [Function: setgid],
  getgid: [Function: getgid],
  getgroups: [Function: getgroups],
  setgroups: [Function: setgroups],
  initgroups: [Function: initgroups],
  _kill: [Function: _kill],
  _debugProcess: [Function: _debugProcess],
  _debugPause: [Function: _debugPause],
  _debugEnd: [Function: _debugEnd],
  hrtime: [Function: hrtime],
  dlopen: [Function: dlopen],
  uptime: [Function: uptime],
  memoryUsage: [Function: memoryUsage],
  binding: [Function: binding],
  _linkedBinding: [Function: _linkedBinding],
  _setupDomainUse: [Function: _setupDomainUse],
  _events: 
   { internalMessage: [ [Function], [Function] ],
     newListener: [Function],
     removeListener: [Function],
     error: [Function],
     message: [Function],
     disconnect: { [Function: g] listener: [Function] } },
  _rawDebug: [Function],
  domain: null,
  _maxListeners: undefined,
  EventEmitter: 
   { [Function: EventEmitter]
     EventEmitter: [Circular],
     usingDomains: false,
     defaultMaxListeners: 10,
     init: [Function],
     listenerCount: [Function] },
  _fatalException: [Function],
  _exiting: false,
  assert: [Function],
  config: 
   { target_defaults: 
      { cflags: [],
        default_configuration: 'Release',
        defines: [],
        include_dirs: [],
        libraries: [] },
     variables: 
      { clang: 1,
        host_arch: 'x64',
        icu_data_file: 'icudt54l.dat',
        icu_data_in: '../../deps/icu/source/data/in/icudt54l.dat',
        icu_endianness: 'l',
        icu_gyp_path: 'tools/icu/icu-generic.gyp',
        icu_locales: 'en,root',
        icu_path: './deps/icu',
        icu_small: true,
        icu_ver_major: '54',
        node_install_npm: true,
        node_prefix: '',
        node_shared_cares: false,
        node_shared_http_parser: false,
        node_shared_libuv: false,
        node_shared_openssl: false,
        node_shared_v8: false,
        node_shared_zlib: false,
        node_tag: '',
        node_use_dtrace: true,
        node_use_etw: false,
        node_use_mdb: false,
        node_use_openssl: true,
        node_use_perfctr: false,
        openssl_no_asm: 0,
        python: '/usr/bin/python',
        target_arch: 'x64',
        uv_library: 'static_library',
        uv_parent_path: '/deps/uv/',
        uv_use_dtrace: true,
        v8_enable_gdbjit: 0,
        v8_enable_i18n_support: 1,
        v8_no_strict_aliasing: 1,
        v8_optimized_debug: 0,
        v8_random_seed: 0,
        v8_use_snapshot: false,
        want_separate_host_toolset: 0 } },
  nextTick: [Function: nextTick],
  _tickCallback: [Function: _tickCallback],
  _tickDomainCallback: [Function: _tickDomainCallback],
  stdout: [Getter],
  stderr: [Getter],
  stdin: [Getter],
  openStdin: [Function],
  exit: [Function],
  kill: [Function],
  addListener: [Function],
  on: [Function],
  removeListener: [Function],
  _channel: 
   { fd: 3,
     writeQueueSize: 0,
     buffering: false,
     onread: [Function],
     sockets: { got: {}, send: {} } },
  _handleQueue: null,
  send: [Function],
  _send: [Function],
  connected: true,
  disconnect: [Function],
  _disconnect: [Function],
  mainModule: 
   { id: '.',
     exports: {},
     parent: null,
     filename: '/Applications/MAMP/htdocs/testjs/index.js',
     loaded: false,
     children: [],
     paths: 
      [ '/Applications/MAMP/htdocs/testjs/node_modules',
        '/Applications/MAMP/htdocs/node_modules',
        '/Applications/MAMP/node_modules',
        '/Applications/node_modules',
        '/node_modules' ] } }
child pid:61909
child pid:61910
{ title: '/usr/local/bin/node',
  version: 'v0.12.2',
  moduleLoadList: 
   [ 'Binding contextify',
     'Binding natives',
     'NativeModule events',
     'NativeModule util',
     'NativeModule buffer',
     'Binding buffer',
     'Binding smalloc',
     'NativeModule child_process',
     'NativeModule string_decoder',
     'NativeModule net',
     'NativeModule stream',
     'NativeModule _stream_readable',
     'NativeModule _stream_writable',
     'NativeModule _stream_duplex',
     'NativeModule _stream_transform',
     'NativeModule _stream_passthrough',
     'NativeModule timers',
     'Binding timer_wrap',
     'NativeModule _linklist',
     'NativeModule assert',
     'Binding cares_wrap',
     'Binding uv',
     'Binding pipe_wrap',
     'Binding tcp_wrap',
     'Binding stream_wrap',
     'NativeModule dgram',
     'NativeModule constants',
     'Binding constants',
     'Binding udp_wrap',
     'Binding process_wrap',
     'NativeModule path',
     'NativeModule cluster',
     'NativeModule module',
     'NativeModule vm',
     'NativeModule fs',
     'Binding fs',
     'NativeModule smalloc',
     'NativeModule http',
     'NativeModule _http_incoming',
     'NativeModule _http_common',
     'NativeModule freelist',
     'Binding http_parser',
     'NativeModule _http_outgoing',
     'NativeModule _http_server',
     'NativeModule _http_agent',
     'NativeModule _http_client',
     'NativeModule url',
     'NativeModule punycode',
     'NativeModule querystring',
     'NativeModule os',
     'Binding os',
     'NativeModule console',
     'Binding tty_wrap',
     'NativeModule tty' ],
  versions: 
   { http_parser: '2.3',
     node: '0.12.2',
     v8: '3.28.73',
     uv: '1.4.2-node1',
     zlib: '1.2.8',
     modules: '14',
     openssl: '1.0.1m' },
  arch: 'x64',
  platform: 'darwin',
  argv: 
   [ '/usr/local/bin/node',
     '/Applications/MAMP/htdocs/testjs/index.js' ],
  execArgv: [ '--debug-port=5861' ],
  env: 
   { _: '/usr/local/bin/node',
     GVM_PATH_BACKUP: '/Users/oBlank/.gvm/bin:/usr/local/bin:/usr/bin:/bin:/usr/sbin:/sbin:/Users/oBlank/Dropbox/golang/bin:/Applications/MongoDB/bin:/Applications/MAMP/Library/bin/:/usr/local/aria2/bin:/usr/local/go/bin:/usr/bin:/bin:/usr/sbin:/sbin:/usr/local/bin:/Volumes/MAC/Users/oBlank/BaiDuYunPan/Files/GoCodes/bin',
     GVM_VERSION: '1.0.22',
     GVM_ROOT: '/Users/oBlank/.gvm',
     LSCOLORS: 'Gxfxcxdxbxegedabagacad',
     LC_CTYPE: 'en_US.UTF-8',
     LESS: '-R',
     PAGER: 'less',
     OLDPWD: '/Applications/MAMP/htdocs/new-api',
     PWD: '/Applications/MAMP/htdocs/testjs',
     SHLVL: '1',
     PATH: '/Users/oBlank/.gvm/bin:/usr/local/bin:/usr/bin:/bin:/usr/sbin:/sbin:/Users/oBlank/Dropbox/golang/bin:/Applications/MongoDB/bin:/Applications/MAMP/Library/bin/:/usr/local/aria2/bin:/usr/local/go/bin:/usr/bin:/bin:/usr/sbin:/sbin:/usr/local/bin:/Volumes/MAC/Users/oBlank/BaiDuYunPan/Files/GoCodes/bin',
     USER: 'oBlank',
     LOGNAME: 'oBlank',
     HOME: '/Users/oBlank',
     SHELL: '/bin/zsh',
     __CF_USER_TEXT_ENCODING: '0x1F5:0x0:0x0',
     TERM: 'xterm-256color',
     SSH_AUTH_SOCK: '/private/tmp/com.apple.launchd.3PA9l0EvF6/Listeners',
     TERM_SESSION_ID: 'AA1E0F07-2578-48CA-9DDE-44A955668ED5',
     XPC_FLAGS: '0x0',
     XPC_SERVICE_NAME: '0',
     TERM_PROGRAM: 'Apple_Terminal',
     LANG: 'en_US.UTF-8',
     Apple_PubSub_Socket_Render: '/private/tmp/com.apple.launchd.RZIwHuH53e/Render',
     TERM_PROGRAM_VERSION: '343.7',
     TMPDIR: '/var/folders/mx/qw4p12x123q_wfbk969nyjrm0000gn/T/' },
  pid: 61911,
  features: 
   { debug: false,
     uv: true,
     ipv6: true,
     tls_npn: true,
     tls_sni: true,
     tls_ocsp: true,
     tls: true },
  _needImmediateCallback: false,
  execPath: '/usr/local/bin/node',
  debugPort: 5861,
  _startProfilerIdleNotifier: [Function: _startProfilerIdleNotifier],
  _stopProfilerIdleNotifier: [Function: _stopProfilerIdleNotifier],
  _getActiveRequests: [Function: _getActiveRequests],
  _getActiveHandles: [Function: _getActiveHandles],
  reallyExit: [Function: reallyExit],
  abort: [Function: abort],
  chdir: [Function: chdir],
  cwd: [Function: cwd],
  umask: [Function: umask],
  getuid: [Function: getuid],
  setuid: [Function: setuid],
  setgid: [Function: setgid],
  getgid: [Function: getgid],
  getgroups: [Function: getgroups],
  setgroups: [Function: setgroups],
  initgroups: [Function: initgroups],
  _kill: [Function: _kill],
  _debugProcess: [Function: _debugProcess],
  _debugPause: [Function: _debugPause],
  _debugEnd: [Function: _debugEnd],
  hrtime: [Function: hrtime],
  dlopen: [Function: dlopen],
  uptime: [Function: uptime],
  memoryUsage: [Function: memoryUsage],
  binding: [Function: binding],
  _linkedBinding: [Function: _linkedBinding],
  _setupDomainUse: [Function: _setupDomainUse],
  _events: 
   { internalMessage: [ [Function], [Function] ],
     newListener: [Function],
     removeListener: [Function],
     error: [Function],
     message: [Function],
     disconnect: { [Function: g] listener: [Function] } },
  _rawDebug: [Function],
  domain: null,
  _maxListeners: undefined,
  EventEmitter: 
   { [Function: EventEmitter]
     EventEmitter: [Circular],
     usingDomains: false,
     defaultMaxListeners: 10,
     init: [Function],
     listenerCount: [Function] },
  _fatalException: [Function],
  _exiting: false,
  assert: [Function],
  config: 
   { target_defaults: 
      { cflags: [],
        default_configuration: 'Release',
        defines: [],
        include_dirs: [],
        libraries: [] },
     variables: 
      { clang: 1,
        host_arch: 'x64',
        icu_data_file: 'icudt54l.dat',
        icu_data_in: '../../deps/icu/source/data/in/icudt54l.dat',
        icu_endianness: 'l',
        icu_gyp_path: 'tools/icu/icu-generic.gyp',
        icu_locales: 'en,root',
        icu_path: './deps/icu',
        icu_small: true,
        icu_ver_major: '54',
        node_install_npm: true,
        node_prefix: '',
        node_shared_cares: false,
        node_shared_http_parser: false,
        node_shared_libuv: false,
        node_shared_openssl: false,
        node_shared_v8: false,
        node_shared_zlib: false,
        node_tag: '',
        node_use_dtrace: true,
        node_use_etw: false,
        node_use_mdb: false,
        node_use_openssl: true,
        node_use_perfctr: false,
        openssl_no_asm: 0,
        python: '/usr/bin/python',
        target_arch: 'x64',
        uv_library: 'static_library',
        uv_parent_path: '/deps/uv/',
        uv_use_dtrace: true,
        v8_enable_gdbjit: 0,
        v8_enable_i18n_support: 1,
        v8_no_strict_aliasing: 1,
        v8_optimized_debug: 0,
        v8_random_seed: 0,
        v8_use_snapshot: false,
        want_separate_host_toolset: 0 } },
  nextTick: [Function: nextTick],
  _tickCallback: [Function: _tickCallback],
  _tickDomainCallback: [Function: _tickDomainCallback],
  stdout: [Getter],
  stderr: [Getter],
  stdin: [Getter],
  openStdin: [Function],
  exit: [Function],
  kill: [Function],
  addListener: [Function],
  on: [Function],
  removeListener: [Function],
  _channel: 
   { fd: 3,
     writeQueueSize: 0,
     buffering: false,
     onread: [Function],
     sockets: { got: {}, send: {} } },
  _handleQueue: null,
  send: [Function],
  _send: [Function],
  connected: true,
  disconnect: [Function],
  _disconnect: [Function],
  mainModule: 
   { id: '.',
     exports: {},
     parent: null,
     filename: '/Applications/MAMP/htdocs/testjs/index.js',
     loaded: false,
     children: [],
     paths: 
      [ '/Applications/MAMP/htdocs/testjs/node_modules',
        '/Applications/MAMP/htdocs/node_modules',
        '/Applications/MAMP/node_modules',
        '/Applications/node_modules',
        '/node_modules' ] } }
child pid:61911
{ title: '/usr/local/bin/node',
  version: 'v0.12.2',
  moduleLoadList: 
   [ 'Binding contextify',
     'Binding natives',
     'NativeModule events',
     'NativeModule util',
     'NativeModule buffer',
     'Binding buffer',
     'Binding smalloc',
     'NativeModule child_process',
     'NativeModule string_decoder',
     'NativeModule net',
     'NativeModule stream',
     'NativeModule _stream_readable',
     'NativeModule _stream_writable',
     'NativeModule _stream_duplex',
     'NativeModule _stream_transform',
     'NativeModule _stream_passthrough',
     'NativeModule timers',
     'Binding timer_wrap',
     'NativeModule _linklist',
     'NativeModule assert',
     'Binding cares_wrap',
     'Binding uv',
     'Binding pipe_wrap',
     'Binding tcp_wrap',
     'Binding stream_wrap',
     'NativeModule dgram',
     'NativeModule constants',
     'Binding constants',
     'Binding udp_wrap',
     'Binding process_wrap',
     'NativeModule path',
     'NativeModule cluster',
     'NativeModule module',
     'NativeModule vm',
     'NativeModule fs',
     'Binding fs',
     'NativeModule smalloc',
     'NativeModule http',
     'NativeModule _http_incoming',
     'NativeModule _http_common',
     'NativeModule freelist',
     'Binding http_parser',
     'NativeModule _http_outgoing',
     'NativeModule _http_server',
     'NativeModule _http_agent',
     'NativeModule _http_client',
     'NativeModule url',
     'NativeModule punycode',
     'NativeModule querystring',
     'NativeModule os',
     'Binding os',
     'NativeModule console',
     'Binding tty_wrap',
     'NativeModule tty' ],
  versions: 
   { http_parser: '2.3',
     node: '0.12.2',
     v8: '3.28.73',
     uv: '1.4.2-node1',
     zlib: '1.2.8',
     modules: '14',
     openssl: '1.0.1m' },
  arch: 'x64',
  platform: 'darwin',
  argv: 
   [ '/usr/local/bin/node',
     '/Applications/MAMP/htdocs/testjs/index.js' ],
  execArgv: [ '--debug-port=5862' ],
  env: 
   { _: '/usr/local/bin/node',
     GVM_PATH_BACKUP: '/Users/oBlank/.gvm/bin:/usr/local/bin:/usr/bin:/bin:/usr/sbin:/sbin:/Users/oBlank/Dropbox/golang/bin:/Applications/MongoDB/bin:/Applications/MAMP/Library/bin/:/usr/local/aria2/bin:/usr/local/go/bin:/usr/bin:/bin:/usr/sbin:/sbin:/usr/local/bin:/Volumes/MAC/Users/oBlank/BaiDuYunPan/Files/GoCodes/bin',
     GVM_VERSION: '1.0.22',
     GVM_ROOT: '/Users/oBlank/.gvm',
     LSCOLORS: 'Gxfxcxdxbxegedabagacad',
     LC_CTYPE: 'en_US.UTF-8',
     LESS: '-R',
     PAGER: 'less',
     OLDPWD: '/Applications/MAMP/htdocs/new-api',
     PWD: '/Applications/MAMP/htdocs/testjs',
     SHLVL: '1',
     PATH: '/Users/oBlank/.gvm/bin:/usr/local/bin:/usr/bin:/bin:/usr/sbin:/sbin:/Users/oBlank/Dropbox/golang/bin:/Applications/MongoDB/bin:/Applications/MAMP/Library/bin/:/usr/local/aria2/bin:/usr/local/go/bin:/usr/bin:/bin:/usr/sbin:/sbin:/usr/local/bin:/Volumes/MAC/Users/oBlank/BaiDuYunPan/Files/GoCodes/bin',
     USER: 'oBlank',
     LOGNAME: 'oBlank',
     HOME: '/Users/oBlank',
     SHELL: '/bin/zsh',
     __CF_USER_TEXT_ENCODING: '0x1F5:0x0:0x0',
     TERM: 'xterm-256color',
     SSH_AUTH_SOCK: '/private/tmp/com.apple.launchd.3PA9l0EvF6/Listeners',
     TERM_SESSION_ID: 'AA1E0F07-2578-48CA-9DDE-44A955668ED5',
     XPC_FLAGS: '0x0',
     XPC_SERVICE_NAME: '0',
     TERM_PROGRAM: 'Apple_Terminal',
     LANG: 'en_US.UTF-8',
     Apple_PubSub_Socket_Render: '/private/tmp/com.apple.launchd.RZIwHuH53e/Render',
     TERM_PROGRAM_VERSION: '343.7',
     TMPDIR: '/var/folders/mx/qw4p12x123q_wfbk969nyjrm0000gn/T/' },
  pid: 61912,
  features: 
   { debug: false,
     uv: true,
     ipv6: true,
     tls_npn: true,
     tls_sni: true,
     tls_ocsp: true,
     tls: true },
  _needImmediateCallback: false,
  execPath: '/usr/local/bin/node',
  debugPort: 5862,
  _startProfilerIdleNotifier: [Function: _startProfilerIdleNotifier],
  _stopProfilerIdleNotifier: [Function: _stopProfilerIdleNotifier],
  _getActiveRequests: [Function: _getActiveRequests],
  _getActiveHandles: [Function: _getActiveHandles],
  reallyExit: [Function: reallyExit],
  abort: [Function: abort],
  chdir: [Function: chdir],
  cwd: [Function: cwd],
  umask: [Function: umask],
  getuid: [Function: getuid],
  setuid: [Function: setuid],
  setgid: [Function: setgid],
  getgid: [Function: getgid],
  getgroups: [Function: getgroups],
  setgroups: [Function: setgroups],
  initgroups: [Function: initgroups],
  _kill: [Function: _kill],
  _debugProcess: [Function: _debugProcess],
  _debugPause: [Function: _debugPause],
  _debugEnd: [Function: _debugEnd],
  hrtime: [Function: hrtime],
  dlopen: [Function: dlopen],
  uptime: [Function: uptime],
  memoryUsage: [Function: memoryUsage],
  binding: [Function: binding],
  _linkedBinding: [Function: _linkedBinding],
  _setupDomainUse: [Function: _setupDomainUse],
  _events: 
   { internalMessage: [ [Function], [Function] ],
     newListener: [Function],
     removeListener: [Function],
     error: [Function],
     message: [Function],
     disconnect: { [Function: g] listener: [Function] } },
  _rawDebug: [Function],
  domain: null,
  _maxListeners: undefined,
  EventEmitter: 
   { [Function: EventEmitter]
     EventEmitter: [Circular],
     usingDomains: false,
     defaultMaxListeners: 10,
     init: [Function],
     listenerCount: [Function] },
  _fatalException: [Function],
  _exiting: false,
  assert: [Function],
  config: 
   { target_defaults: 
      { cflags: [],
        default_configuration: 'Release',
        defines: [],
        include_dirs: [],
        libraries: [] },
     variables: 
      { clang: 1,
        host_arch: 'x64',
        icu_data_file: 'icudt54l.dat',
        icu_data_in: '../../deps/icu/source/data/in/icudt54l.dat',
        icu_endianness: 'l',
        icu_gyp_path: 'tools/icu/icu-generic.gyp',
        icu_locales: 'en,root',
        icu_path: './deps/icu',
        icu_small: true,
        icu_ver_major: '54',
        node_install_npm: true,
        node_prefix: '',
        node_shared_cares: false,
        node_shared_http_parser: false,
        node_shared_libuv: false,
        node_shared_openssl: false,
        node_shared_v8: false,
        node_shared_zlib: false,
        node_tag: '',
        node_use_dtrace: true,
        node_use_etw: false,
        node_use_mdb: false,
        node_use_openssl: true,
        node_use_perfctr: false,
        openssl_no_asm: 0,
        python: '/usr/bin/python',
        target_arch: 'x64',
        uv_library: 'static_library',
        uv_parent_path: '/deps/uv/',
        uv_use_dtrace: true,
        v8_enable_gdbjit: 0,
        v8_enable_i18n_support: 1,
        v8_no_strict_aliasing: 1,
        v8_optimized_debug: 0,
        v8_random_seed: 0,
        v8_use_snapshot: false,
        want_separate_host_toolset: 0 } },
  nextTick: [Function: nextTick],
  _tickCallback: [Function: _tickCallback],
  _tickDomainCallback: [Function: _tickDomainCallback],
  stdout: [Getter],
  stderr: [Getter],
  stdin: [Getter],
  openStdin: [Function],
  exit: [Function],
  kill: [Function],
  addListener: [Function],
  on: [Function],
  removeListener: [Function],
  _channel: 
   { fd: 3,
     writeQueueSize: 0,
     buffering: false,
     onread: [Function],
     sockets: { got: {}, send: {} } },
  _handleQueue: null,
  send: [Function],
  _send: [Function],
  connected: true,
  disconnect: [Function],
  _disconnect: [Function],
  mainModule: 
   { id: '.',
     exports: {},
     parent: null,
     filename: '/Applications/MAMP/htdocs/testjs/index.js',
     loaded: false,
     children: [],
     paths: 
      [ '/Applications/MAMP/htdocs/testjs/node_modules',
        '/Applications/MAMP/htdocs/node_modules',
        '/Applications/MAMP/node_modules',
        '/Applications/node_modules',
        '/node_modules' ] } }
child pid:61912
